==========================================
Welcome to System Info, YUSOF!
Current Date & Time: Mon Jun 29 16:44:58 +08 2026
==========================================

--- [ DISK USAGE ] ---
Filesystem      Size  Used Avail Use% Mounted on
none            1.8G     0  1.8G   0% /usr/lib/modules/6.6.87.2-microsoft-standard-WSL2
none            1.8G  4.0K  1.8G   1% /mnt/wsl
drivers         477G  326G  151G  69% /usr/lib/wsl/drivers
/dev/sdd       1007G  1.8G  954G   1% /
none            1.8G   80K  1.8G   1% /mnt/wslg
none            1.8G     0  1.8G   0% /usr/lib/wsl/lib
rootfs          1.8G  2.7M  1.8G   1% /init
none            1.8G  508K  1.8G   1% /run
none            1.8G     0  1.8G   0% /run/lock
none            1.8G     0  1.8G   0% /run/shm
none            1.8G   76K  1.8G   1% /mnt/wslg/versions.txt
none            1.8G   76K  1.8G   1% /mnt/wslg/doc
C:\             477G  326G  151G  69% /mnt/c
tmpfs           363M   20K  363M   1% /run/user/1000

--- [ MEMORY USAGE ] ---
               total        used        free      shared  buff/cache   available
Mem:           3.5Gi       404Mi       3.1Gi       3.8Mi       149Mi       3.1Gi
Swap:          1.0Gi          0B       1.0Gi

--- [ TOP 5 RUNNING PROCESSES BY CPU ] ---
    PID    PPID CMD                         %CPU
    761       1 /usr/libexec/wsl-pro-servic  0.1
      1       0 /sbin/init                   0.0
    372     371 /init                        0.0
     94       1 /usr/lib/systemd/systemd-ud  0.0
     42       1 /usr/lib/systemd/systemd-jo  0.0
==========================================
